
> react-kavia@0.1.0 start
> cross-env EDIT_MODE=true webpack serve --config .ve/webpack.config.js --mode development

<i> [webpack-dev-server] Project is running at:
<i> [webpack-dev-server] Loopback: http://localhost:3000/, http://[::1]:3000/
<i> [webpack-dev-server] On Your Network (IPv4): http://172.17.0.2:3000/
<i> [webpack-dev-server] Content not from webpack is served from './public' directory
Injecting EditorRootWrapper import: ../.ve/EditorRootWrapper
asset bundle.js 1.43 MiB [emitted] (name: main)
asset index.html 1.98 KiB [emitted]
runtime modules 27.5 KiB 14 modules
modules by path ./node_modules/ 1.24 MiB 31 modules
modules by path ./src/ 39.1 KiB
  modules by path ./src/*.css 7.49 KiB 4 modules
  modules by path ./src/*.js 31.6 KiB
    ./src/index.js 530 bytes [built] [code generated]
    ./src/App.js 31.1 KiB [built] [code generated]
modules by path ./.ve/ 15.1 KiB
  modules by path ./.ve/*.js 10.6 KiB 2 modules
  modules by path ./.ve/*.css 2.93 KiB
    ./.ve/EditorOverlay.css 2.25 KiB [built] [code generated]
    ./node_modules/css-loader/dist/cjs.js!./.ve/EditorOverlay.css 697 bytes [built] [code generated]
  ./.ve/EditorOverlay.jsx 1.58 KiB [built] [code generated]
webpack 5.99.9 compiled successfully in 1292 ms
Injecting EditorRootWrapper import: ../.ve/EditorRootWrapper
assets by status 1.43 MiB [cached] 1 asset
asset index.html 1.98 KiB [emitted]
cached modules 1.25 MiB (javascript) 27.5 KiB (runtime) [cached] 51 modules
javascript modules 43.8 KiB
  modules by path ./.ve/ 12.2 KiB
    ./.ve/EditorRootWrapper.js 2.68 KiB [built]
    ./.ve/EditorOverlay.jsx 1.58 KiB [built]
    ./.ve/SidePanel.js 7.93 KiB [built]
  modules by path ./src/*.js 31.6 KiB
    ./src/index.js 530 bytes [built]
    ./src/App.js 31.1 KiB [built]
webpack 5.99.9 compiled successfully in 286 ms
assets by status 1.98 KiB [cached] 1 asset
assets by path *.js 1.44 MiB
  asset bundle.js 1.43 MiB [emitted] (name: main)
  asset main.f90042eeecac4e7bc0bb.hot-update.js 11.8 KiB [emitted] [immutable] [hmr] (name: main)
asset main.f90042eeecac4e7bc0bb.hot-update.json 28 bytes [emitted] [immutable] [hmr]
Entrypoint main 1.44 MiB = bundle.js 1.43 MiB main.f90042eeecac4e7bc0bb.hot-update.js 11.8 KiB
cached modules 1.29 MiB [cached] 41 modules
runtime modules 27.5 KiB 14 modules
./node_modules/css-loader/dist/cjs.js!./src/App.css 8.94 KiB [built] [code generated]
webpack 5.99.9 compiled successfully in 61 ms
assets by status 1.98 KiB [cached] 1 asset
assets by path *.js 1.48 MiB
  asset bundle.js 1.44 MiB [emitted] (name: main)
  asset main.8787a58f4f1ee6a65f09.hot-update.js 43.6 KiB [emitted] [immutable] [hmr] (name: main)
asset main.8787a58f4f1ee6a65f09.hot-update.json 28 bytes [emitted] [immutable] [hmr]
Entrypoint main 1.48 MiB = bundle.js 1.44 MiB main.8787a58f4f1ee6a65f09.hot-update.js 43.6 KiB
cached modules 1.27 MiB [cached] 41 modules
runtime modules 27.5 KiB 14 modules
./src/App.js 33.3 KiB [built] [code generated]

ERROR in ./src/App.js 418:35-58
Module not found: Error: Can't resolve 'react-leaflet' in '/home/kavia/workspace/code-generation/safepath-guardian-64029-0ec422c0/safe_path_guardian_frontend/src'
resolve 'react-leaflet' in '/home/kavia/workspace/code-generation/safepath-guardian-64029-0ec422c0/safe_path_guardian_frontend/src'
  Parsed request is a module
  using description file: /home/kavia/workspace/code-generation/safepath-guardian-64029-0ec422c0/safe_path_guardian_frontend/package.json (relative path: ./src)
    Field 'browser' doesn't contain a valid alias configuration
    resolve as module
      /home/kavia/workspace/code-generation/safepath-guardian-64029-0ec422c0/safe_path_guardian_frontend/src/node_modules doesn't exist or is not a directory
      looking for modules in /home/kavia/workspace/code-generation/safepath-guardian-64029-0ec422c0/safe_path_guardian_frontend/node_modules
        single file module
          using description file: /home/kavia/workspace/code-generation/safepath-guardian-64029-0ec422c0/safe_path_guardian_frontend/package.json (relative path: ./node_modules/react-leaflet)
            no extension
              Field 'browser' doesn't contain a valid alias configuration
              /home/kavia/workspace/code-generation/safepath-guardian-64029-0ec422c0/safe_path_guardian_frontend/node_modules/react-leaflet doesn't exist
            .js
              Field 'browser' doesn't contain a valid alias configuration
              /home/kavia/workspace/code-generation/safepath-guardian-64029-0ec422c0/safe_path_guardian_frontend/node_modules/react-leaflet.js doesn't exist
            .jsx
              Field 'browser' doesn't contain a valid alias configuration
              /home/kavia/workspace/code-generation/safepath-guardian-64029-0ec422c0/safe_path_guardian_frontend/node_modules/react-leaflet.jsx doesn't exist
        /home/kavia/workspace/code-generation/safepath-guardian-64029-0ec422c0/safe_path_guardian_frontend/node_modules/react-leaflet doesn't exist
      /home/kavia/workspace/code-generation/safepath-guardian-64029-0ec422c0/node_modules doesn't exist or is not a directory
      /home/kavia/workspace/code-generation/node_modules doesn't exist or is not a directory
      /home/kavia/workspace/node_modules doesn't exist or is not a directory
      /home/kavia/node_modules doesn't exist or is not a directory
      /home/node_modules doesn't exist or is not a directory
      /node_modules doesn't exist or is not a directory
 @ ./src/index.js 5:0-24 11:32-35

ERROR in ./src/App.js 418:60-77
Module not found: Error: Can't resolve 'leaflet' in '/home/kavia/workspace/code-generation/safepath-guardian-64029-0ec422c0/safe_path_guardian_frontend/src'
resolve 'leaflet' in '/home/kavia/workspace/code-generation/safepath-guardian-64029-0ec422c0/safe_path_guardian_frontend/src'
  Parsed request is a module
  using description file: /home/kavia/workspace/code-generation/safepath-guardian-64029-0ec422c0/safe_path_guardian_frontend/package.json (relative path: ./src)
    Field 'browser' doesn't contain a valid alias configuration
    resolve as module
      /home/kavia/workspace/code-generation/safepath-guardian-64029-0ec422c0/safe_path_guardian_frontend/src/node_modules doesn't exist or is not a directory
      looking for modules in /home/kavia/workspace/code-generation/safepath-guardian-64029-0ec422c0/safe_path_guardian_frontend/node_modules
        single file module
          using description file: /home/kavia/workspace/code-generation/safepath-guardian-64029-0ec422c0/safe_path_guardian_frontend/package.json (relative path: ./node_modules/leaflet)
            no extension
              Field 'browser' doesn't contain a valid alias configuration
              /home/kavia/workspace/code-generation/safepath-guardian-64029-0ec422c0/safe_path_guardian_frontend/node_modules/leaflet doesn't exist
            .js
              Field 'browser' doesn't contain a valid alias configuration
              /home/kavia/workspace/code-generation/safepath-guardian-64029-0ec422c0/safe_path_guardian_frontend/node_modules/leaflet.js doesn't exist
            .jsx
              Field 'browser' doesn't contain a valid alias configuration
              /home/kavia/workspace/code-generation/safepath-guardian-64029-0ec422c0/safe_path_guardian_frontend/node_modules/leaflet.jsx doesn't exist
        /home/kavia/workspace/code-generation/safepath-guardian-64029-0ec422c0/safe_path_guardian_frontend/node_modules/leaflet doesn't exist
      /home/kavia/workspace/code-generation/safepath-guardian-64029-0ec422c0/node_modules doesn't exist or is not a directory
      /home/kavia/workspace/code-generation/node_modules doesn't exist or is not a directory
      /home/kavia/workspace/node_modules doesn't exist or is not a directory
      /home/kavia/node_modules doesn't exist or is not a directory
      /home/node_modules doesn't exist or is not a directory
      /node_modules doesn't exist or is not a directory
 @ ./src/index.js 5:0-24 11:32-35

webpack 5.99.9 compiled with 2 errors in 189 ms
assets by status 1.98 KiB [cached] 1 asset
assets by path *.js 1.48 MiB
  asset bundle.js 1.44 MiB [emitted] (name: main)
  asset main.09c8ffdc8fc8b0c95e92.hot-update.js 43.9 KiB [emitted] [immutable] [hmr] (name: main)
asset main.09c8ffdc8fc8b0c95e92.hot-update.json 28 bytes [emitted] [immutable] [hmr]
Entrypoint main 1.48 MiB = bundle.js 1.44 MiB main.09c8ffdc8fc8b0c95e92.hot-update.js 43.9 KiB
cached modules 1.27 MiB [cached] 41 modules
runtime modules 27.5 KiB 14 modules
./src/App.js 33.5 KiB [built] [code generated]

ERROR in ./src/App.js 418:35-58
Module not found: Error: Can't resolve 'react-leaflet' in '/home/kavia/workspace/code-generation/safepath-guardian-64029-0ec422c0/safe_path_guardian_frontend/src'
resolve 'react-leaflet' in '/home/kavia/workspace/code-generation/safepath-guardian-64029-0ec422c0/safe_path_guardian_frontend/src'
  Parsed request is a module
  using description file: /home/kavia/workspace/code-generation/safepath-guardian-64029-0ec422c0/safe_path_guardian_frontend/package.json (relative path: ./src)
    Field 'browser' doesn't contain a valid alias configuration
    resolve as module
      /home/kavia/workspace/code-generation/safepath-guardian-64029-0ec422c0/safe_path_guardian_frontend/src/node_modules doesn't exist or is not a directory
      looking for modules in /home/kavia/workspace/code-generation/safepath-guardian-64029-0ec422c0/safe_path_guardian_frontend/node_modules
        single file module
          using description file: /home/kavia/workspace/code-generation/safepath-guardian-64029-0ec422c0/safe_path_guardian_frontend/package.json (relative path: ./node_modules/react-leaflet)
            no extension
              Field 'browser' doesn't contain a valid alias configuration
              /home/kavia/workspace/code-generation/safepath-guardian-64029-0ec422c0/safe_path_guardian_frontend/node_modules/react-leaflet doesn't exist
            .js
              Field 'browser' doesn't contain a valid alias configuration
              /home/kavia/workspace/code-generation/safepath-guardian-64029-0ec422c0/safe_path_guardian_frontend/node_modules/react-leaflet.js doesn't exist
            .jsx
              Field 'browser' doesn't contain a valid alias configuration
              /home/kavia/workspace/code-generation/safepath-guardian-64029-0ec422c0/safe_path_guardian_frontend/node_modules/react-leaflet.jsx doesn't exist
        /home/kavia/workspace/code-generation/safepath-guardian-64029-0ec422c0/safe_path_guardian_frontend/node_modules/react-leaflet doesn't exist
      /home/kavia/workspace/code-generation/safepath-guardian-64029-0ec422c0/node_modules doesn't exist or is not a directory
      /home/kavia/workspace/code-generation/node_modules doesn't exist or is not a directory
      /home/kavia/workspace/node_modules doesn't exist or is not a directory
      /home/kavia/node_modules doesn't exist or is not a directory
      /home/node_modules doesn't exist or is not a directory
      /node_modules doesn't exist or is not a directory
 @ ./src/index.js 5:0-24 11:32-35

ERROR in ./src/App.js 418:60-77
Module not found: Error: Can't resolve 'leaflet' in '/home/kavia/workspace/code-generation/safepath-guardian-64029-0ec422c0/safe_path_guardian_frontend/src'
resolve 'leaflet' in '/home/kavia/workspace/code-generation/safepath-guardian-64029-0ec422c0/safe_path_guardian_frontend/src'
  Parsed request is a module
  using description file: /home/kavia/workspace/code-generation/safepath-guardian-64029-0ec422c0/safe_path_guardian_frontend/package.json (relative path: ./src)
    Field 'browser' doesn't contain a valid alias configuration
    resolve as module
      /home/kavia/workspace/code-generation/safepath-guardian-64029-0ec422c0/safe_path_guardian_frontend/src/node_modules doesn't exist or is not a directory
      looking for modules in /home/kavia/workspace/code-generation/safepath-guardian-64029-0ec422c0/safe_path_guardian_frontend/node_modules
        single file module
          using description file: /home/kavia/workspace/code-generation/safepath-guardian-64029-0ec422c0/safe_path_guardian_frontend/package.json (relative path: ./node_modules/leaflet)
            no extension
              Field 'browser' doesn't contain a valid alias configuration
              /home/kavia/workspace/code-generation/safepath-guardian-64029-0ec422c0/safe_path_guardian_frontend/node_modules/leaflet doesn't exist
            .js
              Field 'browser' doesn't contain a valid alias configuration
              /home/kavia/workspace/code-generation/safepath-guardian-64029-0ec422c0/safe_path_guardian_frontend/node_modules/leaflet.js doesn't exist
            .jsx
              Field 'browser' doesn't contain a valid alias configuration
              /home/kavia/workspace/code-generation/safepath-guardian-64029-0ec422c0/safe_path_guardian_frontend/node_modules/leaflet.jsx doesn't exist
        /home/kavia/workspace/code-generation/safepath-guardian-64029-0ec422c0/safe_path_guardian_frontend/node_modules/leaflet doesn't exist
      /home/kavia/workspace/code-generation/safepath-guardian-64029-0ec422c0/node_modules doesn't exist or is not a directory
      /home/kavia/workspace/code-generation/node_modules doesn't exist or is not a directory
      /home/kavia/workspace/node_modules doesn't exist or is not a directory
      /home/kavia/node_modules doesn't exist or is not a directory
      /home/node_modules doesn't exist or is not a directory
      /node_modules doesn't exist or is not a directory
 @ ./src/index.js 5:0-24 11:32-35

webpack 5.99.9 compiled with 2 errors in 125 ms
assets by status 1.98 KiB [cached] 1 asset
assets by path *.js 1.48 MiB
  asset bundle.js 1.44 MiB [emitted] (name: main)
  asset main.9a6994db85e3a5b6e53f.hot-update.js 44.5 KiB [emitted] [immutable] [hmr] (name: main)
asset main.9a6994db85e3a5b6e53f.hot-update.json 28 bytes [emitted] [immutable] [hmr]
Entrypoint main 1.48 MiB = bundle.js 1.44 MiB main.9a6994db85e3a5b6e53f.hot-update.js 44.5 KiB
cached modules 1.27 MiB [cached] 41 modules
runtime modules 27.5 KiB 14 modules
./src/App.js 33.8 KiB [built] [code generated]

ERROR in ./src/App.js 5:0-34
Module not found: Error: Can't resolve 'leaflet/dist/leaflet.css' in '/home/kavia/workspace/code-generation/safepath-guardian-64029-0ec422c0/safe_path_guardian_frontend/src'
 @ ./src/index.js 5:0-24 11:32-35

ERROR in ./src/App.js 7:0-35
Module not found: Error: Can't resolve 'leaflet' in '/home/kavia/workspace/code-generation/safepath-guardian-64029-0ec422c0/safe_path_guardian_frontend/src'
 @ ./src/index.js 5:0-24 11:32-35

ERROR in ./src/App.js 9:0-46
Module not found: Error: Can't resolve 'react-leaflet' in '/home/kavia/workspace/code-generation/safepath-guardian-64029-0ec422c0/safe_path_guardian_frontend/src'
 @ ./src/index.js 5:0-24 11:32-35

3 errors have detailed information that is not shown.
Use 'stats.errorDetails: true' resp. '--stats-error-details' to show it.

webpack 5.99.9 compiled with 3 errors in 117 ms
assets by status 1.44 MiB [cached] 2 assets
cached modules 1.3 MiB (javascript) 27.5 KiB (runtime) [cached] 56 modules

LOG from webpack.FileSystemInfo
<w> Managed item /home/kavia/workspace/code-generation/safepath-guardian-64029-0ec422c0/safe_path_guardian_frontend/node_modules/leaflet isn't a directory or doesn't contain a package.json (see snapshot.managedPaths option)
<w> Managed item /home/kavia/workspace/code-generation/safepath-guardian-64029-0ec422c0/safe_path_guardian_frontend/node_modules/react-leaflet isn't a directory or doesn't contain a package.json (see snapshot.managedPaths option)
+ 15 hidden lines

ERROR in ./src/App.js 5:0-34
Module not found: Error: Can't resolve 'leaflet/dist/leaflet.css' in '/home/kavia/workspace/code-generation/safepath-guardian-64029-0ec422c0/safe_path_guardian_frontend/src'
 @ ./src/index.js 5:0-24 11:32-35

ERROR in ./src/App.js 7:0-35
Module not found: Error: Can't resolve 'leaflet' in '/home/kavia/workspace/code-generation/safepath-guardian-64029-0ec422c0/safe_path_guardian_frontend/src'
 @ ./src/index.js 5:0-24 11:32-35

ERROR in ./src/App.js 9:0-46
Module not found: Error: Can't resolve 'react-leaflet' in '/home/kavia/workspace/code-generation/safepath-guardian-64029-0ec422c0/safe_path_guardian_frontend/src'
 @ ./src/index.js 5:0-24 11:32-35

3 errors have detailed information that is not shown.
Use 'stats.errorDetails: true' resp. '--stats-error-details' to show it.

webpack 5.99.9 compiled with 3 errors in 53 ms
assets by status 1.98 KiB [cached] 1 asset
assets by path *.js 1.55 MiB
  asset bundle.js 1.46 MiB [emitted] (name: main)
  asset main.da8e92af5b39ba8f8c58.hot-update.js 91.6 KiB [emitted] [immutable] [hmr] (name: main)
asset main.da8e92af5b39ba8f8c58.hot-update.json 28 bytes [emitted] [immutable] [hmr]
Entrypoint main 1.55 MiB = bundle.js 1.46 MiB main.da8e92af5b39ba8f8c58.hot-update.js 91.6 KiB
cached modules 1.27 MiB [cached] 41 modules
runtime modules 27.6 KiB 14 modules
javascript modules 52.1 KiB
  modules by path ./node_modules/leaflet/dist/*.css 17.7 KiB
    ./node_modules/leaflet/dist/leaflet.css 2.15 KiB [built] [code generated]
    ./node_modules/css-loader/dist/cjs.js!./node_modules/leaflet/dist/leaflet.css 15.5 KiB [built] [code generated]
  ./src/App.js 33.8 KiB [code generated]
  ./node_modules/css-loader/dist/runtime/getUrl.js 597 bytes [built] [code generated]

LOG from webpack.FileSystemInfo
<w> Managed item /home/kavia/workspace/code-generation/safepath-guardian-64029-0ec422c0/safe_path_guardian_frontend/node_modules/leaflet isn't a directory or doesn't contain a package.json (see snapshot.managedPaths option)
+ 13 hidden lines

ERROR in ./src/App.js 7:0-35
Module not found: Error: Can't resolve 'leaflet' in '/home/kavia/workspace/code-generation/safepath-guardian-64029-0ec422c0/safe_path_guardian_frontend/src'
 @ ./src/index.js 5:0-24 11:32-35

ERROR in ./src/App.js 9:0-46
Module not found: Error: Can't resolve 'react-leaflet' in '/home/kavia/workspace/code-generation/safepath-guardian-64029-0ec422c0/safe_path_guardian_frontend/src'
 @ ./src/index.js 5:0-24 11:32-35

ERROR in ./node_modules/leaflet/dist/leaflet.css (./node_modules/css-loader/dist/cjs.js!./node_modules/leaflet/dist/leaflet.css) 5:36-81
Module not found: Error: Can't resolve 'images/layers.png' in '/home/kavia/workspace/code-generation/safepath-guardian-64029-0ec422c0/safe_path_guardian_frontend/node_modules/leaflet/dist'
 @ ./node_modules/leaflet/dist/leaflet.css 8:6-91 20:17-24 24:7-21 50:25-39 51:36-47 51:50-64 55:6-65:7 56:54-65 56:68-82 62:42-53 62:56-70 64:21-28 75:0-61 75:0-61 76:22-29 76:33-47 76:50-64 53:4-66:5
 @ ./src/App.js 5:0-34
 @ ./src/index.js 5:0-24 11:32-35

ERROR in ./node_modules/leaflet/dist/leaflet.css (./node_modules/css-loader/dist/cjs.js!./node_modules/leaflet/dist/leaflet.css) 6:36-84
Module not found: Error: Can't resolve 'images/layers-2x.png' in '/home/kavia/workspace/code-generation/safepath-guardian-64029-0ec422c0/safe_path_guardian_frontend/node_modules/leaflet/dist'
 @ ./node_modules/leaflet/dist/leaflet.css 8:6-91 20:17-24 24:7-21 50:25-39 51:36-47 51:50-64 55:6-65:7 56:54-65 56:68-82 62:42-53 62:56-70 64:21-28 75:0-61 75:0-61 76:22-29 76:33-47 76:50-64 53:4-66:5
 @ ./src/App.js 5:0-34
 @ ./src/index.js 5:0-24 11:32-35

ERROR in ./node_modules/leaflet/dist/leaflet.css (./node_modules/css-loader/dist/cjs.js!./node_modules/leaflet/dist/leaflet.css) 7:36-86
Module not found: Error: Can't resolve 'images/marker-icon.png' in '/home/kavia/workspace/code-generation/safepath-guardian-64029-0ec422c0/safe_path_guardian_frontend/node_modules/leaflet/dist'
 @ ./node_modules/leaflet/dist/leaflet.css 8:6-91 20:17-24 24:7-21 50:25-39 51:36-47 51:50-64 55:6-65:7 56:54-65 56:68-82 62:42-53 62:56-70 64:21-28 75:0-61 75:0-61 76:22-29 76:33-47 76:50-64 53:4-66:5
 @ ./src/App.js 5:0-34
 @ ./src/index.js 5:0-24 11:32-35

5 errors have detailed information that is not shown.
Use 'stats.errorDetails: true' resp. '--stats-error-details' to show it.

webpack 5.99.9 compiled with 5 errors in 123 ms
Injecting EditorRootWrapper import: ../.ve/EditorRootWrapper
assets by chunk 2.5 MiB (name: main)
  assets by path *.png 3.34 KiB
    asset 2b3e1faf89f94a483539.png 1.43 KiB [emitted] [immutable] [from: node_modules/leaflet/dist/images/marker-icon.png] [hmr] (name: main) (auxiliary name: main)
    asset 8f2c4d11474275fbc161.png 1.23 KiB [emitted] [immutable] [from: node_modules/leaflet/dist/images/layers-2x.png] [hmr] (name: main) (auxiliary name: main)
    asset 416d91365b44e4b4f477.png 696 bytes [emitted] [immutable] [from: node_modules/leaflet/dist/images/layers.png] [hmr] (name: main) (auxiliary name: main)
  assets by path *.js 2.5 MiB
    asset bundle.js 1.94 MiB [emitted] (name: main)
    asset main.3db77b75739ee6cb9e05.hot-update.js 571 KiB [emitted] [immutable] [hmr] (name: main)
asset vendors-node_modules_react-leaflet_lib_index_js.bundle.js 91.4 KiB [emitted] (id hint: vendors)
asset index.html 1.98 KiB [emitted]
asset main.3db77b75739ee6cb9e05.hot-update.json 28 bytes [emitted] [immutable] [hmr]
Entrypoint main 2.5 MiB (3.34 KiB) = bundle.js 1.94 MiB main.3db77b75739ee6cb9e05.hot-update.js 571 KiB 8f2c4d11474275fbc161.png 1.23 KiB 416d91365b44e4b4f477.png 696 bytes 2b3e1faf89f94a483539.png 1.43 KiB 3 auxiliary assets
cached modules 1.26 MiB [cached] 39 modules
runtime modules 31.9 KiB 17 modules
orphan modules 1.03 KiB [orphan] 1 module
modules by layer 537 KiB (javascript) 3.34 KiB (asset)
  modules by path ./node_modules/ 491 KiB (javascript) 3.34 KiB (asset)
    javascript modules 490 KiB 41 modules
    asset modules 3.34 KiB (asset) 126 bytes (javascript) 3 modules
  modules by path ./.ve/ 12.2 KiB
    ./.ve/EditorRootWrapper.js 2.68 KiB [built]
    ./.ve/EditorOverlay.jsx 1.58 KiB [built]
    ./.ve/SidePanel.js 7.93 KiB [built]
  modules by path ./src/*.js 34.3 KiB
    ./src/index.js 530 bytes [built]
    ./src/App.js 33.8 KiB [built] [code generated]
webpack 5.99.9 compiled successfully in 487 ms
